// Jest Snapshot v1, https://goo.gl/fbAQLP

exports[`RadialGradient Component basic render 1`] = `
<View
  style={
    Array [
      Object {
        "backgroundColor": "transparent",
        "bottom": 0,
        "flex": 1,
        "height": 1334,
        "left": 0,
        "position": "absolute",
        "right": 0,
        "top": 0,
        "width": 750,
      },
      null,
    ]
  }
>
  <RNSVGSvgView
    style={
      Array [
        Object {
          "backgroundColor": "transparent",
        },
        null,
        false,
        Object {
          "flex": 0,
          "height": 1334,
          "width": 750,
        },
      ]
    }
  >
    <RNSVGDefs>
      <RNSVGRadialGradient
        cx="50%"
        cy="50%"
        fx="50%"
        fy="50%"
        gradient={
          Array [
            1,
            0,
            0,
            1,
            1,
            1,
            0,
            1,
            0,
            0,
            1,
            1,
            0,
            0.2,
            0.4,
          ]
        }
        gradientTransform={
          Array [
            1,
            0,
            0,
            1,
            0,
            0,
          ]
        }
        gradientUnits={0}
        name="radial-gradient"
        rx="70%"
        ry="90%"
      />
    </RNSVGDefs>
    <RNSVGRect
      fill={
        Array [
          1,
          "radial-gradient",
        ]
      }
      fillOpacity={1}
      fillRule={1}
      height="1334"
      matrix={
        Array [
          1,
          0,
          0,
          1,
          0,
          0,
        ]
      }
      opacity={1}
      propList={
        Array [
          "fill",
        ]
      }
      rx="0"
      ry="0"
      stroke={null}
      strokeDasharray={null}
      strokeDashoffset={null}
      strokeLinecap={0}
      strokeLinejoin={0}
      strokeMiterlimit={4}
      strokeOpacity={1}
      strokeWidth={null}
      width="750"
      x="0"
      y="0"
    />
  </RNSVGSvgView>
</View>
`;
