// Jest Snapshot v1, https://goo.gl/fbAQLP

exports[` Popup Toast basic render 1`] = `null`;
