// Jest Snapshot v1, https://goo.gl/fbAQLP

exports[`Progress-Space Component basic.render 1`] = `[Function]`;

exports[`Progress-Space Component gradient.render 1`] = `[Function]`;

exports[`Progress-Space Component render with startDegree 1`] = `[Function]`;

exports[`Progress-Space Component render with update 1`] = `
<View
  onLayout={[Function]}
  onMoveShouldSetResponder={[Function]}
  onMoveShouldSetResponderCapture={[Function]}
  onResponderEnd={[Function]}
  onResponderGrant={[Function]}
  onResponderMove={[Function]}
  onResponderReject={[Function]}
  onResponderRelease={[Function]}
  onResponderStart={[Function]}
  onResponderTerminate={[Function]}
  onResponderTerminationRequest={[Function]}
  onStartShouldSetResponder={[Function]}
  onStartShouldSetResponderCapture={[Function]}
  pointerEvents="box-only"
  style={
    Array [
      Object {
        "height": 125,
        "width": 125,
      },
      Object {
        "height": 100,
        "width": 100,
      },
    ]
  }
>
  <RNSVGSvgView
    style={
      Array [
        Object {
          "backgroundColor": "transparent",
        },
        undefined,
        false,
        Object {
          "flex": 0,
          "height": 100,
          "width": 100,
        },
      ]
    }
  >
    <RNSVGPath
      d="M14.64466094067263 85.35533905932738 L21.008621971351555 78.99137802864846M12.34642669981946 82.89693629698564 L19.124069893851956 76.97548776352822M10.218772555910938 80.28950219204097 L17.37939349584697 74.8373917974736M8.271337313934872 77.54484907260513 L15.782496597426594 72.5867762395362M6.5129433422152445 74.67541090321737 L14.340613540616502 70.23383694063824M4.951556604879045 71.69418695587791 L13.060276416000818 67.78923330381988M3.5942505740480613 68.61468292009727 L11.947285470719407 65.26403999447976M2.447174185242325 65.45084971874738 L11.006682831898708 62.66969676937285M1.51552398116565 62.21702030689468 L10.242729664555831 60.01795665165364M0.803520570068514 58.927844739931814 L9.658886867456182 57.32083268674409M0.31438950533787846 55.59822380516542 L9.25779939437706 54.59054352023564M0.050346672934267644 52.24324151752573 L9.041284271806099 51.8394580443711M0.012588252874671468 48.878096785209756 L9.010322367357233 49.080039363872004M0.20128530023804814 45.518034554828354 L9.1650539461952 46.32478833495925M0.6155829702431106 42.17827674798846 L9.504778035599351 43.58618693335054M1.2536043909088193 38.87395330218429 L10.027955600545233 40.876641707791116M2.112459165753471 35.62003362839914 L10.732216515917848 38.2084275752873M3.1882564680131296 32.43125879593289 L11.614370303770762 35.59363221266497M4.476122667059215 29.322074751673956 L12.670420586988556 33.044101296372645M5.970223407163097 26.306566876350075 L13.89558319387374 30.57138483860706M7.663790038585788 23.398396174233177 L15.284307831640348 28.186684862871203M9.54915028125263 20.61073738537635 L16.830303230627152 25.900804656008606M11.617762982099457 17.956219300748785 L18.526565645321554 23.724099826614M13.860256808630417 15.446867550656776 L20.36541058307694 21.666431391538556M16.26647270339626 13.09405012563299 L22.338507616784934 19.73712110301905M18.825509907063353 10.908425876598486 L24.43691812379195 17.944909218810757M21.52577534157739 8.899896227604508 L26.651135780093462 16.297914906635697M24.355036129704686 7.077560319906702 L28.971129626357843 14.803599462323497M27.300475013022655 5.449673790581613 L31.386389510678576 13.468732508276922M30.34874841730381 4.0236113724274745 L33.885973702189126 12.299361325390528M33.48604690224164 2.805833484581626 L36.458558459838144 11.300783457356935M36.698157721666234 1.8018569652073353 L39.092489331766316 10.477522711470016M39.970529210836354 1.0162300788382268 L41.77583395288581 9.833308664647348M43.28833670911722 0.452511911603267 L44.49643610147612 9.37105976751468M46.63654971939796 0.11325624767719944 L47.24197076990633 9.092870123095302M49.99999999999999 0 L49.99999999999999 9M53.363450280601974 0.11325624767719944 L52.75802923009362 9.092870123095302M56.71166329088277 0.4525119116032599 L55.503563898523865 9.371059767514673M60.029470789163625 1.0162300788382197 L58.224166047114174 9.83330866464734M63.30184227833379 1.8018569652073424 L60.907510668233705 10.477522711470023M66.51395309775835 2.805833484581619 L63.54144154016184 11.300783457356928M69.65125158269618 4.023611372427467 L66.11402629781085 12.299361325390521M72.69952498697734 5.449673790581599 L68.61361048932142 13.468732508276915M75.64496387029533 7.077560319906709 L71.02887037364218 14.803599462323504M78.47422465842263 8.899896227604529 L73.34886421990655 16.29791490663571M81.17449009293667 10.908425876598507 L75.56308187620806 17.94490921881077M83.73352729660371 13.094050125632961 L77.66149238321503 19.737121103019028M86.13974319136958 15.446867550656762 L79.63458941692305 21.666431391538545M88.38223701790052 17.95621930074875 L81.47343435467843 23.724099826613973M90.45084971874736 20.610737385376332 L83.16969676937285 25.900804656008592M92.33620996141423 23.3983961742332 L84.71569216835967 28.186684862871225M94.02977659283692 26.306566876350097 L86.10441680612627 30.571384838607077M95.52387733294077 29.322074751673917 L87.32957941301143 33.04410129637261M96.81174353198688 32.4312587959329 L88.38562969622924 35.59363221266497M97.88754083424652 35.62003362839913 L89.26778348408214 38.20842757528728M98.74639560909117 38.873953302184226 L89.97204439945476 40.876641707791066M99.38441702975689 42.17827674798844 L90.49522196440064 43.586186933350525M99.79871469976194 45.51803455482836 L90.8349460538048 46.32478833495925M99.98741174712532 48.87809678520974 L90.98967763264277 49.08003936387199M99.94965332706573 52.24324151752573 L90.95871572819391 51.8394580443711M99.68561049466211 55.598223805165425 L90.74220060562294 54.59054352023565M99.19647942993149 58.92784473993178 L90.34111313254382 57.320832686744055M98.48447601883436 62.217020306894646 L89.75727033544416 60.01795665165361M97.55282581475768 65.45084971874736 L88.9933171681013 62.669696769372834M96.40574942595195 68.61468292009725 L88.05271452928059 65.26403999447975M95.04844339512096 71.6941869558779 L86.93972358399918 67.78923330381987M93.48705665778478 74.67541090321734 L85.65938645938351 70.23383694063821M91.72866268606514 77.54484907260512 L84.21750340257341 72.58677623953619M89.78122744408905 80.28950219204098 L82.62060650415302 74.8373917974736M87.65357330018053 82.89693629698564 L80.87593010614803 76.97548776352824M85.35533905932742 85.35533905932733 L78.99137802864848 78.99137802864841"
      fill={null}
      fillOpacity={1}
      fillRule={1}
      matrix={
        Array [
          1,
          0,
          0,
          1,
          0,
          0,
        ]
      }
      opacity={1}
      propList={
        Array [
          "stroke",
          "strokeWidth",
          "strokeOpacity",
          "fill",
        ]
      }
      stroke={
        Array [
          0,
          0.8980392156862745,
          0.8980392156862745,
          0.8980392156862745,
          1,
        ]
      }
      strokeDasharray={null}
      strokeDashoffset={null}
      strokeLinecap={0}
      strokeLinejoin={0}
      strokeMiterlimit={4}
      strokeOpacity={1}
      strokeWidth={null}
    />
    <RNSVGDefs>
      <RNSVGLinearGradient
        gradient={
          Array [
            0.07450980392156863,
            0.5058823529411764,
            0.984313725490196,
            1,
            0,
            0.7647058823529411,
            0.4235294117647059,
            1,
            0,
            1,
          ]
        }
        gradientTransform={
          Array [
            1,
            0,
            0,
            1,
            0,
            0,
          ]
        }
        gradientUnits={0}
        name="Space"
        x1="0%"
        x2="100%"
        y1="0%"
        y2="0%"
      />
    </RNSVGDefs>
    <RNSVGPath
      d="M14.64466094067263 85.35533905932738 L21.008621971351555 78.99137802864846M12.34642669981946 82.89693629698564 L19.124069893851956 76.97548776352822M10.218772555910938 80.28950219204097 L17.37939349584697 74.8373917974736M8.271337313934872 77.54484907260513 L15.782496597426594 72.5867762395362M6.5129433422152445 74.67541090321737 L14.340613540616502 70.23383694063824M4.951556604879045 71.69418695587791 L13.060276416000818 67.78923330381988M3.5942505740480613 68.61468292009727 L11.947285470719407 65.26403999447976M2.447174185242325 65.45084971874738 L11.006682831898708 62.66969676937285M1.51552398116565 62.21702030689468 L10.242729664555831 60.01795665165364M0.803520570068514 58.927844739931814 L9.658886867456182 57.32083268674409M0.31438950533787846 55.59822380516542 L9.25779939437706 54.59054352023564M0.050346672934267644 52.24324151752573 L9.041284271806099 51.8394580443711M0.012588252874671468 48.878096785209756 L9.010322367357233 49.080039363872004M0.20128530023804814 45.518034554828354 L9.1650539461952 46.32478833495925M0.6155829702431106 42.17827674798846 L9.504778035599351 43.58618693335054M1.2536043909088193 38.87395330218429 L10.027955600545233 40.876641707791116M2.112459165753471 35.62003362839914 L10.732216515917848 38.2084275752873M3.1882564680131296 32.43125879593289 L11.614370303770762 35.59363221266497M4.476122667059215 29.322074751673956 L12.670420586988556 33.044101296372645M5.970223407163097 26.306566876350075 L13.89558319387374 30.57138483860706M7.663790038585788 23.398396174233177 L15.284307831640348 28.186684862871203M9.54915028125263 20.61073738537635 L16.830303230627152 25.900804656008606M11.617762982099457 17.956219300748785 L18.526565645321554 23.724099826614M13.860256808630417 15.446867550656776 L20.36541058307694 21.666431391538556M16.26647270339626 13.09405012563299 L22.338507616784934 19.73712110301905M18.825509907063353 10.908425876598486 L24.43691812379195 17.944909218810757M21.52577534157739 8.899896227604508 L26.651135780093462 16.297914906635697M24.355036129704686 7.077560319906702 L28.971129626357843 14.803599462323497M27.300475013022655 5.449673790581613 L31.386389510678576 13.468732508276922M30.34874841730381 4.0236113724274745 L33.885973702189126 12.299361325390528M33.48604690224164 2.805833484581626 L36.458558459838144 11.300783457356935M36.698157721666234 1.8018569652073353 L39.092489331766316 10.477522711470016M39.970529210836354 1.0162300788382268 L41.77583395288581 9.833308664647348M43.28833670911722 0.452511911603267 L44.49643610147612 9.37105976751468M46.63654971939796 0.11325624767719944 L47.24197076990633 9.092870123095302M49.99999999999999 0 L49.99999999999999 9"
      fill={null}
      fillOpacity={1}
      fillRule={1}
      matrix={
        Array [
          1,
          0,
          0,
          1,
          0,
          0,
        ]
      }
      opacity={1}
      propList={
        Array [
          "stroke",
          "strokeWidth",
          "strokeOpacity",
          "fill",
        ]
      }
      stroke={
        Array [
          1,
          "Space",
        ]
      }
      strokeDasharray={null}
      strokeDashoffset={null}
      strokeLinecap={0}
      strokeLinejoin={0}
      strokeMiterlimit={4}
      strokeOpacity={1}
      strokeWidth={null}
    />
  </RNSVGSvgView>
</View>
`;

exports[`Progress-Space Component render with update 2`] = `
<View
  onLayout={[Function]}
  onMoveShouldSetResponder={[Function]}
  onMoveShouldSetResponderCapture={[Function]}
  onResponderEnd={[Function]}
  onResponderGrant={[Function]}
  onResponderMove={[Function]}
  onResponderReject={[Function]}
  onResponderRelease={[Function]}
  onResponderStart={[Function]}
  onResponderTerminate={[Function]}
  onResponderTerminationRequest={[Function]}
  onStartShouldSetResponder={[Function]}
  onStartShouldSetResponderCapture={[Function]}
  pointerEvents="box-only"
  style={
    Array [
      Object {
        "height": 125,
        "width": 125,
      },
      Object {
        "height": 100,
        "width": 100,
      },
    ]
  }
>
  <RNSVGSvgView
    style={
      Array [
        Object {
          "backgroundColor": "transparent",
        },
        undefined,
        false,
        Object {
          "flex": 0,
          "height": 100,
          "width": 100,
        },
      ]
    }
  >
    <RNSVGPath
      d="M14.64466094067263 85.35533905932738 L21.008621971351555 78.99137802864846M12.34642669981946 82.89693629698564 L19.124069893851956 76.97548776352822M10.218772555910938 80.28950219204097 L17.37939349584697 74.8373917974736M8.271337313934872 77.54484907260513 L15.782496597426594 72.5867762395362M6.5129433422152445 74.67541090321737 L14.340613540616502 70.23383694063824M4.951556604879045 71.69418695587791 L13.060276416000818 67.78923330381988M3.5942505740480613 68.61468292009727 L11.947285470719407 65.26403999447976M2.447174185242325 65.45084971874738 L11.006682831898708 62.66969676937285M1.51552398116565 62.21702030689468 L10.242729664555831 60.01795665165364M0.803520570068514 58.927844739931814 L9.658886867456182 57.32083268674409M0.31438950533787846 55.59822380516542 L9.25779939437706 54.59054352023564M0.050346672934267644 52.24324151752573 L9.041284271806099 51.8394580443711M0.012588252874671468 48.878096785209756 L9.010322367357233 49.080039363872004M0.20128530023804814 45.518034554828354 L9.1650539461952 46.32478833495925M0.6155829702431106 42.17827674798846 L9.504778035599351 43.58618693335054M1.2536043909088193 38.87395330218429 L10.027955600545233 40.876641707791116M2.112459165753471 35.62003362839914 L10.732216515917848 38.2084275752873M3.1882564680131296 32.43125879593289 L11.614370303770762 35.59363221266497M4.476122667059215 29.322074751673956 L12.670420586988556 33.044101296372645M5.970223407163097 26.306566876350075 L13.89558319387374 30.57138483860706M7.663790038585788 23.398396174233177 L15.284307831640348 28.186684862871203M9.54915028125263 20.61073738537635 L16.830303230627152 25.900804656008606M11.617762982099457 17.956219300748785 L18.526565645321554 23.724099826614M13.860256808630417 15.446867550656776 L20.36541058307694 21.666431391538556M16.26647270339626 13.09405012563299 L22.338507616784934 19.73712110301905M18.825509907063353 10.908425876598486 L24.43691812379195 17.944909218810757M21.52577534157739 8.899896227604508 L26.651135780093462 16.297914906635697M24.355036129704686 7.077560319906702 L28.971129626357843 14.803599462323497M27.300475013022655 5.449673790581613 L31.386389510678576 13.468732508276922M30.34874841730381 4.0236113724274745 L33.885973702189126 12.299361325390528M33.48604690224164 2.805833484581626 L36.458558459838144 11.300783457356935M36.698157721666234 1.8018569652073353 L39.092489331766316 10.477522711470016M39.970529210836354 1.0162300788382268 L41.77583395288581 9.833308664647348M43.28833670911722 0.452511911603267 L44.49643610147612 9.37105976751468M46.63654971939796 0.11325624767719944 L47.24197076990633 9.092870123095302M49.99999999999999 0 L49.99999999999999 9M53.363450280601974 0.11325624767719944 L52.75802923009362 9.092870123095302M56.71166329088277 0.4525119116032599 L55.503563898523865 9.371059767514673M60.029470789163625 1.0162300788382197 L58.224166047114174 9.83330866464734M63.30184227833379 1.8018569652073424 L60.907510668233705 10.477522711470023M66.51395309775835 2.805833484581619 L63.54144154016184 11.300783457356928M69.65125158269618 4.023611372427467 L66.11402629781085 12.299361325390521M72.69952498697734 5.449673790581599 L68.61361048932142 13.468732508276915M75.64496387029533 7.077560319906709 L71.02887037364218 14.803599462323504M78.47422465842263 8.899896227604529 L73.34886421990655 16.29791490663571M81.17449009293667 10.908425876598507 L75.56308187620806 17.94490921881077M83.73352729660371 13.094050125632961 L77.66149238321503 19.737121103019028M86.13974319136958 15.446867550656762 L79.63458941692305 21.666431391538545M88.38223701790052 17.95621930074875 L81.47343435467843 23.724099826613973M90.45084971874736 20.610737385376332 L83.16969676937285 25.900804656008592M92.33620996141423 23.3983961742332 L84.71569216835967 28.186684862871225M94.02977659283692 26.306566876350097 L86.10441680612627 30.571384838607077M95.52387733294077 29.322074751673917 L87.32957941301143 33.04410129637261M96.81174353198688 32.4312587959329 L88.38562969622924 35.59363221266497M97.88754083424652 35.62003362839913 L89.26778348408214 38.20842757528728M98.74639560909117 38.873953302184226 L89.97204439945476 40.876641707791066M99.38441702975689 42.17827674798844 L90.49522196440064 43.586186933350525M99.79871469976194 45.51803455482836 L90.8349460538048 46.32478833495925M99.98741174712532 48.87809678520974 L90.98967763264277 49.08003936387199M99.94965332706573 52.24324151752573 L90.95871572819391 51.8394580443711M99.68561049466211 55.598223805165425 L90.74220060562294 54.59054352023565M99.19647942993149 58.92784473993178 L90.34111313254382 57.320832686744055M98.48447601883436 62.217020306894646 L89.75727033544416 60.01795665165361M97.55282581475768 65.45084971874736 L88.9933171681013 62.669696769372834M96.40574942595195 68.61468292009725 L88.05271452928059 65.26403999447975M95.04844339512096 71.6941869558779 L86.93972358399918 67.78923330381987M93.48705665778478 74.67541090321734 L85.65938645938351 70.23383694063821M91.72866268606514 77.54484907260512 L84.21750340257341 72.58677623953619M89.78122744408905 80.28950219204098 L82.62060650415302 74.8373917974736M87.65357330018053 82.89693629698564 L80.87593010614803 76.97548776352824M85.35533905932742 85.35533905932733 L78.99137802864848 78.99137802864841"
      fill={null}
      fillOpacity={1}
      fillRule={1}
      matrix={
        Array [
          1,
          0,
          0,
          1,
          0,
          0,
        ]
      }
      opacity={1}
      propList={
        Array [
          "stroke",
          "strokeWidth",
          "strokeOpacity",
          "fill",
        ]
      }
      stroke={
        Array [
          0,
          0.8980392156862745,
          0.8980392156862745,
          0.8980392156862745,
          1,
        ]
      }
      strokeDasharray={null}
      strokeDashoffset={null}
      strokeLinecap={0}
      strokeLinejoin={0}
      strokeMiterlimit={4}
      strokeOpacity={1}
      strokeWidth={null}
    />
    <RNSVGDefs>
      <RNSVGLinearGradient
        gradient={
          Array [
            0.07450980392156863,
            0.5058823529411764,
            0.984313725490196,
            1,
            0,
            0.7647058823529411,
            0.4235294117647059,
            1,
            0,
            1,
          ]
        }
        gradientTransform={
          Array [
            1,
            0,
            0,
            1,
            0,
            0,
          ]
        }
        gradientUnits={0}
        name="Space"
        x1="0%"
        x2="100%"
        y1="0%"
        y2="0%"
      />
    </RNSVGDefs>
    <RNSVGPath
      d="M14.64466094067263 85.35533905932738 L21.008621971351555 78.99137802864846M12.34642669981946 82.89693629698564 L19.124069893851956 76.97548776352822M10.218772555910938 80.28950219204097 L17.37939349584697 74.8373917974736M8.271337313934872 77.54484907260513 L15.782496597426594 72.5867762395362M6.5129433422152445 74.67541090321737 L14.340613540616502 70.23383694063824M4.951556604879045 71.69418695587791 L13.060276416000818 67.78923330381988M3.5942505740480613 68.61468292009727 L11.947285470719407 65.26403999447976M2.447174185242325 65.45084971874738 L11.006682831898708 62.66969676937285M1.51552398116565 62.21702030689468 L10.242729664555831 60.01795665165364M0.803520570068514 58.927844739931814 L9.658886867456182 57.32083268674409M0.31438950533787846 55.59822380516542 L9.25779939437706 54.59054352023564M0.050346672934267644 52.24324151752573 L9.041284271806099 51.8394580443711M0.012588252874671468 48.878096785209756 L9.010322367357233 49.080039363872004M0.20128530023804814 45.518034554828354 L9.1650539461952 46.32478833495925M0.6155829702431106 42.17827674798846 L9.504778035599351 43.58618693335054M1.2536043909088193 38.87395330218429 L10.027955600545233 40.876641707791116M2.112459165753471 35.62003362839914 L10.732216515917848 38.2084275752873M3.1882564680131296 32.43125879593289 L11.614370303770762 35.59363221266497M4.476122667059215 29.322074751673956 L12.670420586988556 33.044101296372645M5.970223407163097 26.306566876350075 L13.89558319387374 30.57138483860706M7.663790038585788 23.398396174233177 L15.284307831640348 28.186684862871203M9.54915028125263 20.61073738537635 L16.830303230627152 25.900804656008606M11.617762982099457 17.956219300748785 L18.526565645321554 23.724099826614M13.860256808630417 15.446867550656776 L20.36541058307694 21.666431391538556M16.26647270339626 13.09405012563299 L22.338507616784934 19.73712110301905M18.825509907063353 10.908425876598486 L24.43691812379195 17.944909218810757M21.52577534157739 8.899896227604508 L26.651135780093462 16.297914906635697M24.355036129704686 7.077560319906702 L28.971129626357843 14.803599462323497M27.300475013022655 5.449673790581613 L31.386389510678576 13.468732508276922M30.34874841730381 4.0236113724274745 L33.885973702189126 12.299361325390528M33.48604690224164 2.805833484581626 L36.458558459838144 11.300783457356935M36.698157721666234 1.8018569652073353 L39.092489331766316 10.477522711470016"
      fill={null}
      fillOpacity={1}
      fillRule={1}
      matrix={
        Array [
          1,
          0,
          0,
          1,
          0,
          0,
        ]
      }
      opacity={1}
      propList={
        Array [
          "stroke",
          "strokeWidth",
          "strokeOpacity",
          "fill",
        ]
      }
      stroke={
        Array [
          1,
          "Space",
        ]
      }
      strokeDasharray={null}
      strokeDashoffset={null}
      strokeLinecap={0}
      strokeLinejoin={0}
      strokeMiterlimit={4}
      strokeOpacity={1}
      strokeWidth={null}
    />
  </RNSVGSvgView>
</View>
`;

exports[`Space component render with shallow 1`] = `
<View
  onLayout={[Function]}
  onMoveShouldSetResponder={[Function]}
  onMoveShouldSetResponderCapture={[Function]}
  onResponderEnd={[Function]}
  onResponderGrant={[Function]}
  onResponderMove={[Function]}
  onResponderReject={[Function]}
  onResponderRelease={[Function]}
  onResponderStart={[Function]}
  onResponderTerminate={[Function]}
  onResponderTerminationRequest={[Function]}
  onStartShouldSetResponder={[Function]}
  onStartShouldSetResponderCapture={[Function]}
  pointerEvents="box-only"
  style={
    Array [
      Object {
        "height": 125,
        "width": 125,
      },
      Object {
        "height": 100,
        "width": 100,
      },
    ]
  }
>
  <Svg
    height={100}
    preserveAspectRatio="xMidYMid meet"
    width={100}
  >
    <Path
      d="M14.64466094067263 85.35533905932738 L21.008621971351555 78.99137802864846M12.34642669981946 82.89693629698564 L19.124069893851956 76.97548776352822M10.218772555910938 80.28950219204097 L17.37939349584697 74.8373917974736M8.271337313934872 77.54484907260513 L15.782496597426594 72.5867762395362M6.5129433422152445 74.67541090321737 L14.340613540616502 70.23383694063824M4.951556604879045 71.69418695587791 L13.060276416000818 67.78923330381988M3.5942505740480613 68.61468292009727 L11.947285470719407 65.26403999447976M2.447174185242325 65.45084971874738 L11.006682831898708 62.66969676937285M1.51552398116565 62.21702030689468 L10.242729664555831 60.01795665165364M0.803520570068514 58.927844739931814 L9.658886867456182 57.32083268674409M0.31438950533787846 55.59822380516542 L9.25779939437706 54.59054352023564M0.050346672934267644 52.24324151752573 L9.041284271806099 51.8394580443711M0.012588252874671468 48.878096785209756 L9.010322367357233 49.080039363872004M0.20128530023804814 45.518034554828354 L9.1650539461952 46.32478833495925M0.6155829702431106 42.17827674798846 L9.504778035599351 43.58618693335054M1.2536043909088193 38.87395330218429 L10.027955600545233 40.876641707791116M2.112459165753471 35.62003362839914 L10.732216515917848 38.2084275752873M3.1882564680131296 32.43125879593289 L11.614370303770762 35.59363221266497M4.476122667059215 29.322074751673956 L12.670420586988556 33.044101296372645M5.970223407163097 26.306566876350075 L13.89558319387374 30.57138483860706M7.663790038585788 23.398396174233177 L15.284307831640348 28.186684862871203M9.54915028125263 20.61073738537635 L16.830303230627152 25.900804656008606M11.617762982099457 17.956219300748785 L18.526565645321554 23.724099826614M13.860256808630417 15.446867550656776 L20.36541058307694 21.666431391538556M16.26647270339626 13.09405012563299 L22.338507616784934 19.73712110301905M18.825509907063353 10.908425876598486 L24.43691812379195 17.944909218810757M21.52577534157739 8.899896227604508 L26.651135780093462 16.297914906635697M24.355036129704686 7.077560319906702 L28.971129626357843 14.803599462323497M27.300475013022655 5.449673790581613 L31.386389510678576 13.468732508276922M30.34874841730381 4.0236113724274745 L33.885973702189126 12.299361325390528M33.48604690224164 2.805833484581626 L36.458558459838144 11.300783457356935M36.698157721666234 1.8018569652073353 L39.092489331766316 10.477522711470016M39.970529210836354 1.0162300788382268 L41.77583395288581 9.833308664647348M43.28833670911722 0.452511911603267 L44.49643610147612 9.37105976751468M46.63654971939796 0.11325624767719944 L47.24197076990633 9.092870123095302M49.99999999999999 0 L49.99999999999999 9M53.363450280601974 0.11325624767719944 L52.75802923009362 9.092870123095302M56.71166329088277 0.4525119116032599 L55.503563898523865 9.371059767514673M60.029470789163625 1.0162300788382197 L58.224166047114174 9.83330866464734M63.30184227833379 1.8018569652073424 L60.907510668233705 10.477522711470023M66.51395309775835 2.805833484581619 L63.54144154016184 11.300783457356928M69.65125158269618 4.023611372427467 L66.11402629781085 12.299361325390521M72.69952498697734 5.449673790581599 L68.61361048932142 13.468732508276915M75.64496387029533 7.077560319906709 L71.02887037364218 14.803599462323504M78.47422465842263 8.899896227604529 L73.34886421990655 16.29791490663571M81.17449009293667 10.908425876598507 L75.56308187620806 17.94490921881077M83.73352729660371 13.094050125632961 L77.66149238321503 19.737121103019028M86.13974319136958 15.446867550656762 L79.63458941692305 21.666431391538545M88.38223701790052 17.95621930074875 L81.47343435467843 23.724099826613973M90.45084971874736 20.610737385376332 L83.16969676937285 25.900804656008592M92.33620996141423 23.3983961742332 L84.71569216835967 28.186684862871225M94.02977659283692 26.306566876350097 L86.10441680612627 30.571384838607077M95.52387733294077 29.322074751673917 L87.32957941301143 33.04410129637261M96.81174353198688 32.4312587959329 L88.38562969622924 35.59363221266497M97.88754083424652 35.62003362839913 L89.26778348408214 38.20842757528728M98.74639560909117 38.873953302184226 L89.97204439945476 40.876641707791066M99.38441702975689 42.17827674798844 L90.49522196440064 43.586186933350525M99.79871469976194 45.51803455482836 L90.8349460538048 46.32478833495925M99.98741174712532 48.87809678520974 L90.98967763264277 49.08003936387199M99.94965332706573 52.24324151752573 L90.95871572819391 51.8394580443711M99.68561049466211 55.598223805165425 L90.74220060562294 54.59054352023565M99.19647942993149 58.92784473993178 L90.34111313254382 57.320832686744055M98.48447601883436 62.217020306894646 L89.75727033544416 60.01795665165361M97.55282581475768 65.45084971874736 L88.9933171681013 62.669696769372834M96.40574942595195 68.61468292009725 L88.05271452928059 65.26403999447975M95.04844339512096 71.6941869558779 L86.93972358399918 67.78923330381987M93.48705665778478 74.67541090321734 L85.65938645938351 70.23383694063821M91.72866268606514 77.54484907260512 L84.21750340257341 72.58677623953619M89.78122744408905 80.28950219204098 L82.62060650415302 74.8373917974736M87.65357330018053 82.89693629698564 L80.87593010614803 76.97548776352824M85.35533905932742 85.35533905932733 L78.99137802864848 78.99137802864841"
      fill="none"
      stroke="#E5E5E5"
      strokeOpacity={1}
      strokeWidth={0}
      x="0"
      y="0"
    />
    <PathCustom
      foreColor="#1381FB"
      gradientId="Space"
      isGradient={false}
      path="M14.64466094067263 85.35533905932738 L21.008621971351555 78.99137802864846M12.34642669981946 82.89693629698564 L19.124069893851956 76.97548776352822M10.218772555910938 80.28950219204097 L17.37939349584697 74.8373917974736M8.271337313934872 77.54484907260513 L15.782496597426594 72.5867762395362M6.5129433422152445 74.67541090321737 L14.340613540616502 70.23383694063824M4.951556604879045 71.69418695587791 L13.060276416000818 67.78923330381988M3.5942505740480613 68.61468292009727 L11.947285470719407 65.26403999447976M2.447174185242325 65.45084971874738 L11.006682831898708 62.66969676937285M1.51552398116565 62.21702030689468 L10.242729664555831 60.01795665165364M0.803520570068514 58.927844739931814 L9.658886867456182 57.32083268674409M0.31438950533787846 55.59822380516542 L9.25779939437706 54.59054352023564M0.050346672934267644 52.24324151752573 L9.041284271806099 51.8394580443711M0.012588252874671468 48.878096785209756 L9.010322367357233 49.080039363872004M0.20128530023804814 45.518034554828354 L9.1650539461952 46.32478833495925M0.6155829702431106 42.17827674798846 L9.504778035599351 43.58618693335054M1.2536043909088193 38.87395330218429 L10.027955600545233 40.876641707791116M2.112459165753471 35.62003362839914 L10.732216515917848 38.2084275752873M3.1882564680131296 32.43125879593289 L11.614370303770762 35.59363221266497M4.476122667059215 29.322074751673956 L12.670420586988556 33.044101296372645M5.970223407163097 26.306566876350075 L13.89558319387374 30.57138483860706M7.663790038585788 23.398396174233177 L15.284307831640348 28.186684862871203M9.54915028125263 20.61073738537635 L16.830303230627152 25.900804656008606M11.617762982099457 17.956219300748785 L18.526565645321554 23.724099826614M13.860256808630417 15.446867550656776 L20.36541058307694 21.666431391538556M16.26647270339626 13.09405012563299 L22.338507616784934 19.73712110301905M18.825509907063353 10.908425876598486 L24.43691812379195 17.944909218810757M21.52577534157739 8.899896227604508 L26.651135780093462 16.297914906635697M24.355036129704686 7.077560319906702 L28.971129626357843 14.803599462323497M27.300475013022655 5.449673790581613 L31.386389510678576 13.468732508276922M30.34874841730381 4.0236113724274745 L33.885973702189126 12.299361325390528M33.48604690224164 2.805833484581626 L36.458558459838144 11.300783457356935M36.698157721666234 1.8018569652073353 L39.092489331766316 10.477522711470016M39.970529210836354 1.0162300788382268 L41.77583395288581 9.833308664647348M43.28833670911722 0.452511911603267 L44.49643610147612 9.37105976751468M46.63654971939796 0.11325624767719944 L47.24197076990633 9.092870123095302M49.99999999999999 0 L49.99999999999999 9M53.363450280601974 0.11325624767719944 L52.75802923009362 9.092870123095302M56.71166329088277 0.4525119116032599 L55.503563898523865 9.371059767514673M60.029470789163625 1.0162300788382197 L58.224166047114174 9.83330866464734"
      strokeOpacity={1}
      strokeWidth={0}
    />
  </Svg>
</View>
`;
